// Jest Snapshot v1, https://goo.gl/fbAQLP

exports[`transformer should transform the AST ava style 1`] = `
"const {cucumber} = require(\\"stucumber\\"); const _cucumber = cucumber.clone();const feature = {\\"name\\":\\"background steps\\",\\"annotations\\":[],\\"meta\\":{}};test.before(() => {_cucumber.enterFeature(feature);
      });test.after(() => _cucumber.exitFeature(feature));test(\\"background steps > this is a test\\", () => {const world = _cucumber.createWorld();const scenario = {\\"name\\":\\"this is a test\\",\\"annotations\\":[],\\"meta\\":{}, \\"feature\\": feature};return _cucumber.enterScenario(world, scenario).then(() => _cucumber.rule(world, \\"a thing\\", null)).then(() => _cucumber.rule(world, \\"I do a thing\\", null)).then(() => _cucumber.rule(world, \\"something happens\\", null)).then(() => _cucumber.rule(world, \\"something\\", null)).then(() => _cucumber.exitScenario(world, scenario));});
//# sourceMappingURL=data:application/json;charset=utf-8;base64,eyJ2ZXJzaW9uIjozLCJzb3VyY2VzIjpbInRlc3QuZmVhdHVyZSJdLCJuYW1lcyI6W10sIm1hcHBpbmdzIjoiQUFBQyw0RUFBUTtBQUFBLDBEQU1HLDRPQUpGLHNDQUlFLGFBSEgsMkNBR0csYUFGSCxnREFFRyxhQUNGLHdDQURFIiwiZmlsZSI6InRlc3QuZmVhdHVyZSJ9"
`;

exports[`transformer should transform the AST jest-style 1`] = `
"const {cucumber} = require(\\"stucumber\\"); const _cucumber = cucumber.clone();describe(\\"Feature: test feature\\", () => {const feature = {\\"name\\":\\"test feature\\",\\"annotations\\":[],\\"meta\\":{}};beforeAll(() => {_cucumber.defineRule(\\"foo bar\\", (world, params) => Promise.resolve().then(() => _cucumber.rule(world, \\"test rule\\", null, params)));_cucumber.enterFeature(feature);
      });afterAll(() => _cucumber.exitFeature(feature));it(\\"test scenario\\", () => {const world = _cucumber.createWorld();const scenario = {\\"name\\":\\"test scenario\\",\\"annotations\\":[],\\"meta\\":{}, \\"feature\\": feature};return _cucumber.enterScenario(world, scenario).then(() => _cucumber.rule(world, \\"background\\", null)).then(() => _cucumber.rule(world, \\"test rule\\", null)).then(() => _cucumber.rule(world, \\"test rule 2\\", null)).then(() => _cucumber.exitScenario(world, scenario));});});
//# sourceMappingURL=data:application/json;charset=utf-8;base64,eyJ2ZXJzaW9uIjozLCJzb3VyY2VzIjpbInRlc3QuZmVhdHVyZSJdLCJuYW1lcyI6W10sIm1hcHBpbmdzIjoiQUFBQyx5TUFFQSxnRkFDQSxnREFEQSxHQUZBO0FBQUEsd0RBRUEscU5BREEseUNBQ0EsYUFDQSx3Q0FEQSxhQUVBLDBDQUZBLHlEQUZBIiwiZmlsZSI6InRlc3QuZmVhdHVyZSJ9"
`;
