// Jest Snapshot v1, https://goo.gl/fbAQLP

exports[`transformer should transform the AST ava style 1`] = `
"const {cucumber} = require(\\"stucumber\\");test.before(() => cucumber.enterFeature([]));test.after(() => cucumber.exitFeature([]));test(\\"foo > this is a test\\", () => {const world = cucumber.createWorld();return cucumber.enterScenario(world, []).then(() => cucumber.rule(world, \\"that I am testing\\")).then(() => cucumber.rule(world, \\"I am still testing\\")).then(() => cucumber.rule(world, \\"I test\\")).then(() => cucumber.rule(world, \\"continue testing\\")).then(() => cucumber.rule(world, \\"I want to test\\")).then(() => cucumber.rule(world, \\"test\\")).then(() => cucumber.exitScenario(world, []));});
//# sourceMappingURL=data:application/json;charset=utf-8;base64,eyJ2ZXJzaW9uIjozLCJzb3VyY2VzIjpbInRlc3QuZmVhdHVyZSJdLCJuYW1lcyI6W10sIm1hcHBpbmdzIjoiQUFBQyx3Q0FBUSx3RkFLRyw2SEFDRix5Q0FERSxhQUVKLDBDQUZJLGFBR0gsOEJBSEcsYUFJSix3Q0FKSSxhQUtILHNDQUxHLGFBTUosNEJBTkkiLCJmaWxlIjoidGVzdC5mZWF0dXJlIn0="
`;

exports[`transformer should transform the AST jest-style 1`] = `
"const {cucumber} = require(\\"stucumber\\");describe(\\"Feature: test feature\\", () => {beforeAll(() => cucumber.enterFeature([]));afterAll(() => cucumber.exitFeature([]));it(\\"test scenario\\", () => {const world = cucumber.createWorld();return cucumber.enterScenario(world, []).then(() => cucumber.rule(world, \\"test rule\\")).then(() => cucumber.rule(world, \\"test rule 2\\")).then(() => cucumber.exitScenario(world, []));});});
//# sourceMappingURL=data:application/json;charset=utf-8;base64,eyJ2ZXJzaW9uIjozLCJzb3VyY2VzIjpbInRlc3QuZmVhdHVyZSJdLCJuYW1lcyI6W10sIm1hcHBpbmdzIjoiQUFBQyxxS0FDQSxvSEFDQSxpQ0FEQSxhQUVBLG1DQUZBLGtEQURBIiwiZmlsZSI6InRlc3QuZmVhdHVyZSJ9"
`;
